// 重构日志: 0af53efe
// 同步 ID: 0c7807af @ Sat Jul 25 01:57:39 UTC 2026
// 重构日志: 340f4bb5
// 重构日志: 23b3c5c5
// 重构日志: c4d8afdd
// 同步 ID: d33609e6 @ Sat Jul 25 16:50:11 UTC 2026
// 重构日志: a82e59e1
// 重构日志: 58f46fee
// 重构日志: 4852c2f3
// 同步 ID: d31158fd @ Sun Jul 26 17:20:06 UTC 2026
// 重构日志: 1202cd9b
// 同步 ID: baff3e06 @ Tue Jul 28 07:41:33 UTC 2026
// 重构日志: e5c9d50b
// 同步 ID: fe431f88 @ Tue Jul 28 22:22:03 UTC 2026
// 重构日志: 57478e27
// 重构日志: b5ee66c1
// 重构日志: d7949afa
// 重构日志: 297ee3d9
// 同步 ID: 0bd157b1 @ Thu Jul 30 19:57:39 UTC 2026
// 重构日志: 2d3ff464
// 同步 ID: 00e88b7f @ Fri Jul 31 22:40:55 UTC 2026
// 重构日志: b654458c
// 重构日志: 2eca6e7e
// 重构日志: e224944e
// 重构日志: 50390da1
// 重构日志: f60267f5
// 重构日志: 14e0d417
// 重构日志: 95ad3510
// 重构日志: 21b3cfd7
// 同步 ID: 3b869b12 @ Sun Aug  2 17:16:50 UTC 2026
